﻿
> build
> vite build

[36mvite v8.0.11 [32mbuilding client environment for production...[36m[39m
[plugin @laravel/vite-plugin-wayfinder] Types generated for actions, routes, form variants
[2K
transforming...Γ£ô 3400 modules transformed.
node.exe : [31mΓ£ù[39m Build failed in 9.77s
At line:1 char:1
+ & "C:\nvm4w\nodejs/node.exe" "C:\nvm4w\nodejs/node_modules/npm/bin/np ...
+ ~~~~~~~~~~~~~~~~~~~~~~~~~~~~~~~~~~~~~~~~~~~~~~~~~~~~~~~~~~~~~~~~~~~~~
    + CategoryInfo          : NotSpecified: ([31mΓ£ù[39m Build failed in 9.77s:String) [], RemoteException
    + FullyQualifiedErrorId : NativeCommandError
 
[31merror during build:
[31mBuild failed with 2 errors:

[plugin vite:vue] C:/laragon/www/studenthub/resources/js/pages/SiteSettings/Campuses/Index.vue:134:9
RolldownError: Element is missing end tag.
SyntaxError: Element is missing end tag.
    at createCompilerError 
(C:\laragon\www\studenthub\node_modules\@vue\compiler-core\dist\compiler-core.cjs.prod.js:1374:17)
    at emitError (C:\laragon\www\studenthub\node_modules\@vue\compiler-core\dist\compiler-core.cjs.prod.js:2980:5)
    at Object.onclosetag 
(C:\laragon\www\studenthub\node_modules\@vue\compiler-core\dist\compiler-core.cjs.prod.js:2377:13)
    at Tokenizer.stateInClosingTagName 
(C:\laragon\www\studenthub\node_modules\@vue\compiler-core\dist\compiler-core.cjs.prod.js:799:16)
    at Tokenizer.parse 
(C:\laragon\www\studenthub\node_modules\@vue\compiler-core\dist\compiler-core.cjs.prod.js:1157:16)
    at Object.baseParse 
(C:\laragon\www\studenthub\node_modules\@vue\compiler-core\dist\compiler-core.cjs.prod.js:3012:13)
    at Object.parse (C:\laragon\www\studenthub\node_modules\@vue\compiler-dom\dist\compiler-dom.cjs.prod.js:665:23)
    at Object.parse$1 [as parse] 
(C:\laragon\www\studenthub\node_modules\@vue\compiler-sfc\dist\compiler-sfc.cjs.js:1824:24)
    at createDescriptor (file:///C:/laragon/www/studenthub/node_modules/@vitejs/plugin-vue/dist/index.mjs:50:42)
    at transformMain (file:///C:/laragon/www/studenthub/node_modules/@vitejs/plugin-vue/dist/index.mjs:1303:33)
[plugin vite:vue] C:/laragon/www/studenthub/resources/js/pages/SiteSettings/Campuses/Show.vue:182:9
RolldownError: Element is missing end tag.
SyntaxError: Element is missing end tag.
    at createCompilerError 
(C:\laragon\www\studenthub\node_modules\@vue\compiler-core\dist\compiler-core.cjs.prod.js:1374:17)
    at emitError (C:\laragon\www\studenthub\node_modules\@vue\compiler-core\dist\compiler-core.cjs.prod.js:2980:5)
    at Object.onclosetag 
(C:\laragon\www\studenthub\node_modules\@vue\compiler-core\dist\compiler-core.cjs.prod.js:2377:13)
    at Tokenizer.stateInClosingTagName 
(C:\laragon\www\studenthub\node_modules\@vue\compiler-core\dist\compiler-core.cjs.prod.js:799:16)
    at Tokenizer.parse 
(C:\laragon\www\studenthub\node_modules\@vue\compiler-core\dist\compiler-core.cjs.prod.js:1157:16)
    at Object.baseParse 
(C:\laragon\www\studenthub\node_modules\@vue\compiler-core\dist\compiler-core.cjs.prod.js:3012:13)
    at Object.parse (C:\laragon\www\studenthub\node_modules\@vue\compiler-dom\dist\compiler-dom.cjs.prod.js:665:23)
    at Object.parse$1 [as parse] 
(C:\laragon\www\studenthub\node_modules\@vue\compiler-sfc\dist\compiler-sfc.cjs.js:1824:24)
    at createDescriptor (file:///C:/laragon/www/studenthub/node_modules/@vitejs/plugin-vue/dist/index.mjs:50:42)
    at transformMain (file:///C:/laragon/www/studenthub/node_modules/@vitejs/plugin-vue/dist/index.mjs:1303:33)[31m
    at aggregateBindingErrorsIntoJsError 
(file:///C:/laragon/www/studenthub/node_modules/rolldown/dist/shared/error-D4ASW9r2.mjs:48:18)
    at unwrapBindingResult 
(file:///C:/laragon/www/studenthub/node_modules/rolldown/dist/shared/error-D4ASW9r2.mjs:18:128)
    at #build (file:///C:/laragon/www/studenthub/node_modules/rolldown/dist/shared/rolldown-build-CorVA9v1.mjs:3255:34)
    at async buildEnvironment (file:///C:/laragon/www/studenthub/node_modules/vite/dist/node/chunks/node.js:33033:64)
    at async Object.build (file:///C:/laragon/www/studenthub/node_modules/vite/dist/node/chunks/node.js:33455:19)
    at async Object.buildApp (file:///C:/laragon/www/studenthub/node_modules/vite/dist/node/chunks/node.js:33452:153)
    at async CAC.<anonymous> (file:///C:/laragon/www/studenthub/node_modules/vite/dist/node/cli.js:778:3) {
  errors: [Getter/Setter]
}[39m
